Archive member included to satisfy reference by file (symbol)

c:/riscv64_toolchain/bin/../lib/gcc/riscv64-unknown-elf/10.2.0/rv32imc/ilp32\libgcc.a(adddf3.o)
                              ./src/dbg_printf.o (__adddf3)
c:/riscv64_toolchain/bin/../lib/gcc/riscv64-unknown-elf/10.2.0/rv32imc/ilp32\libgcc.a(fixdfsi.o)
                              ./src/dbg_printf.o (__fixdfsi)
c:/riscv64_toolchain/bin/../lib/gcc/riscv64-unknown-elf/10.2.0/rv32imc/ilp32\libgcc.a(mulsf3.o)
                              ./src/dbg_printf.o (__mulsf3)
c:/riscv64_toolchain/bin/../lib/gcc/riscv64-unknown-elf/10.2.0/rv32imc/ilp32\libgcc.a(subsf3.o)
                              ./src/dbg_printf.o (__subsf3)
c:/riscv64_toolchain/bin/../lib/gcc/riscv64-unknown-elf/10.2.0/rv32imc/ilp32\libgcc.a(fixsfsi.o)
                              ./src/dbg_printf.o (__fixsfsi)
c:/riscv64_toolchain/bin/../lib/gcc/riscv64-unknown-elf/10.2.0/rv32imc/ilp32\libgcc.a(floatsisf.o)
                              ./src/dbg_printf.o (__floatsisf)
c:/riscv64_toolchain/bin/../lib/gcc/riscv64-unknown-elf/10.2.0/rv32imc/ilp32\libgcc.a(extendsfdf2.o)
                              ./src/dbg_printf.o (__extendsfdf2)
c:/riscv64_toolchain/bin/../lib/gcc/riscv64-unknown-elf/10.2.0/rv32imc/ilp32\libgcc.a(_clzsi2.o)
                              c:/riscv64_toolchain/bin/../lib/gcc/riscv64-unknown-elf/10.2.0/rv32imc/ilp32\libgcc.a(adddf3.o) (__clzsi2)
c:/riscv64_toolchain/bin/../lib/gcc/riscv64-unknown-elf/10.2.0/rv32imc/ilp32\libgcc.a(_clz.o)
                              c:/riscv64_toolchain/bin/../lib/gcc/riscv64-unknown-elf/10.2.0/rv32imc/ilp32\libgcc.a(_clzsi2.o) (__clz_tab)
c:/riscv64_toolchain/bin/../lib/gcc/riscv64-unknown-elf/10.2.0/../../../../riscv64-unknown-elf/lib/rv32imc/ilp32\libc.a(lib_a-calloc.o)
                              ./src/sphincs-sha256-256s-simple/PQCgenKAT_sign.o (calloc)
c:/riscv64_toolchain/bin/../lib/gcc/riscv64-unknown-elf/10.2.0/../../../../riscv64-unknown-elf/lib/rv32imc/ilp32\libc.a(lib_a-callocr.o)
                              c:/riscv64_toolchain/bin/../lib/gcc/riscv64-unknown-elf/10.2.0/../../../../riscv64-unknown-elf/lib/rv32imc/ilp32\libc.a(lib_a-calloc.o) (_calloc_r)
c:/riscv64_toolchain/bin/../lib/gcc/riscv64-unknown-elf/10.2.0/../../../../riscv64-unknown-elf/lib/rv32imc/ilp32\libc.a(lib_a-ctype_.o)
                              ./src/sphincs-sha256-256s-simple/PQCgenKAT_sign.o (_ctype_)
c:/riscv64_toolchain/bin/../lib/gcc/riscv64-unknown-elf/10.2.0/../../../../riscv64-unknown-elf/lib/rv32imc/ilp32\libc.a(lib_a-errno.o)
                              c:/riscv64_toolchain/bin/../lib/gcc/riscv64-unknown-elf/10.2.0/../../../../riscv64-unknown-elf/lib/rv32imc/ilp32\libc.a(lib_a-callocr.o) (__errno)
c:/riscv64_toolchain/bin/../lib/gcc/riscv64-unknown-elf/10.2.0/../../../../riscv64-unknown-elf/lib/rv32imc/ilp32\libc.a(lib_a-exit.o)
                              c:/riscv64_toolchain/bin/../lib/gcc/riscv64-unknown-elf/10.2.0/../../../../riscv64-unknown-elf/lib/rv32imc/ilp32/crt0.o (exit)
c:/riscv64_toolchain/bin/../lib/gcc/riscv64-unknown-elf/10.2.0/../../../../riscv64-unknown-elf/lib/rv32imc/ilp32\libc.a(lib_a-fclose.o)
                              ./src/sphincs-sha256-256s-simple/PQCgenKAT_sign.o (fclose)
c:/riscv64_toolchain/bin/../lib/gcc/riscv64-unknown-elf/10.2.0/../../../../riscv64-unknown-elf/lib/rv32imc/ilp32\libc.a(lib_a-fflush.o)
                              c:/riscv64_toolchain/bin/../lib/gcc/riscv64-unknown-elf/10.2.0/../../../../riscv64-unknown-elf/lib/rv32imc/ilp32\libc.a(lib_a-fclose.o) (__sflush_r)
c:/riscv64_toolchain/bin/../lib/gcc/riscv64-unknown-elf/10.2.0/../../../../riscv64-unknown-elf/lib/rv32imc/ilp32\libc.a(lib_a-fgetc.o)
                              ./src/sphincs-sha256-256s-simple/PQCgenKAT_sign.o (fgetc)
c:/riscv64_toolchain/bin/../lib/gcc/riscv64-unknown-elf/10.2.0/../../../../riscv64-unknown-elf/lib/rv32imc/ilp32\libc.a(lib_a-findfp.o)
                              c:/riscv64_toolchain/bin/../lib/gcc/riscv64-unknown-elf/10.2.0/../../../../riscv64-unknown-elf/lib/rv32imc/ilp32\libc.a(lib_a-fclose.o) (__sinit)
c:/riscv64_toolchain/bin/../lib/gcc/riscv64-unknown-elf/10.2.0/../../../../riscv64-unknown-elf/lib/rv32imc/ilp32\libc.a(lib_a-fopen.o)
                              ./src/sphincs-sha256-256s-simple/PQCgenKAT_sign.o (fopen)
c:/riscv64_toolchain/bin/../lib/gcc/riscv64-unknown-elf/10.2.0/../../../../riscv64-unknown-elf/lib/rv32imc/ilp32\libc.a(lib_a-fprintf.o)
                              ./src/sphincs-sha256-256s-simple/PQCgenKAT_sign.o (fprintf)
c:/riscv64_toolchain/bin/../lib/gcc/riscv64-unknown-elf/10.2.0/../../../../riscv64-unknown-elf/lib/rv32imc/ilp32\libc.a(lib_a-fputc.o)
                              ./src/sphincs-sha256-256s-simple/PQCgenKAT_sign.o (fputc)
c:/riscv64_toolchain/bin/../lib/gcc/riscv64-unknown-elf/10.2.0/../../../../riscv64-unknown-elf/lib/rv32imc/ilp32\libc.a(lib_a-fputs.o)
                              ./src/sphincs-sha256-256s-simple/PQCgenKAT_sign.o (fputs)
[...]
Memory Configuration

Name             Origin             Length             Attributes
*default*        0x0000000000000000 0xffffffffffffffff

Linker script and memory map

LOAD c:/riscv64_toolchain/bin/../lib/gcc/riscv64-unknown-elf/10.2.0/../../../../riscv64-unknown-elf/lib/rv32imc/ilp32/crt0.o
LOAD c:/riscv64_toolchain/bin/../lib/gcc/riscv64-unknown-elf/10.2.0/rv32imc/ilp32/crtbegin.o
LOAD ./src/vicuna_test/opt_reduction.o
LOAD ./src/vicuna_test/opt_shiftrows.o
LOAD ./src/vicuna_test/opt_test.o
LOAD ./src/vicuna_test/opt_vlse.o
LOAD ./src/vicuna_test/test.o
LOAD ./src/tiny_aes/aes.o
LOAD ./src/sphincs-sha256-256s-simple/test/benchmark.o
LOAD ./src/sphincs-sha256-256s-simple/test/fors.o
LOAD ./src/sphincs-sha256-256s-simple/test/spx.o
LOAD ./src/sphincs-sha256-256s-simple/test/wots.o
LOAD ./src/sphincs-sha256-256s-simple/PQCgenKAT_sign.o
LOAD ./src/sphincs-sha256-256s-simple/address.o
LOAD ./src/sphincs-sha256-256s-simple/fors.o
LOAD ./src/sphincs-sha256-256s-simple/hash_sha256.o
LOAD ./src/sphincs-sha256-256s-simple/rng.o
LOAD ./src/sphincs-sha256-256s-simple/sha256.o
LOAD ./src/sphincs-sha256-256s-simple/sign.o
LOAD ./src/sphincs-sha256-256s-simple/thash_sha256_simple.o
LOAD ./src/sphincs-sha256-256s-simple/utils.o
LOAD ./src/sphincs-sha256-256s-simple/wots.o
LOAD ./src/crt0.o
LOAD ./src/dbg_printf.o
LOAD ./src/main.o
LOAD ./src/myTime.o
LOAD ./src/my_uart.o
LOAD ./src/my_utils.o
LOAD c:/riscv64_toolchain/bin/../lib/gcc/riscv64-unknown-elf/10.2.0/rv32imc/ilp32\libgcc.a
START GROUP
LOAD c:/riscv64_toolchain/bin/../lib/gcc/riscv64-unknown-elf/10.2.0/../../../../riscv64-unknown-elf/lib/rv32imc/ilp32\libc.a
LOAD c:/riscv64_toolchain/bin/../lib/gcc/riscv64-unknown-elf/10.2.0/../../../../riscv64-unknown-elf/lib/rv32imc/ilp32\libgloss.a
END GROUP
LOAD c:/riscv64_toolchain/bin/../lib/gcc/riscv64-unknown-elf/10.2.0/rv32imc/ilp32\libgcc.a
LOAD c:/riscv64_toolchain/bin/../lib/gcc/riscv64-unknown-elf/10.2.0/rv32imc/ilp32/crtend.o
                [!provide]                        PROVIDE (__executable_start = SEGMENT_START ("text-segment", 0x10000))
                0x0000000000010074                . = (SEGMENT_START ("text-segment", 0x10000) + SIZEOF_HEADERS)

.interp
 *(.interp)

.note.gnu.build-id
 *(.note.gnu.build-id)

.hash
 *(.hash)

.gnu.hash
 *(.gnu.hash)

.dynsym
 *(.dynsym)

.dynstr
 *(.dynstr)

.gnu.version
 *(.gnu.version)

.gnu.version_d
 *(.gnu.version_d)

.gnu.version_r
 *(.gnu.version_r)

.rela.dyn       0x0000000000010074        0x0
 *(.rela.init)
 *(.rela.text .rela.text.* .rela.gnu.linkonce.t.*)
 .rela.text     0x0000000000010074        0x0 c:/riscv64_toolchain/bin/../lib/gcc/riscv64-unknown-elf/10.2.0/../../../../riscv64-unknown-elf/lib/rv32imc/ilp32/crt0.o
 .rela.text.startup
                0x0000000000010074        0x0 c:/riscv64_toolchain/bin/../lib/gcc/riscv64-unknown-elf/10.2.0/../../../../riscv64-unknown-elf/lib/rv32imc/ilp32/crt0.o
 *(.rela.fini)
 *(.rela.rodata .rela.rodata.* .rela.gnu.linkonce.r.*)
 *(.rela.data .rela.data.* .rela.gnu.linkonce.d.*)
 *(.rela.tdata .rela.tdata.* .rela.gnu.linkonce.td.*)
 *(.rela.tbss .rela.tbss.* .rela.gnu.linkonce.tb.*)
 *(.rela.ctors)
 *(.rela.dtors)
 *(.rela.got)
 *(.rela.sdata .rela.sdata.* .rela.gnu.linkonce.s.*)
 *(.rela.sbss .rela.sbss.* .rela.gnu.linkonce.sb.*)
 *(.rela.sdata2 .rela.sdata2.* .rela.gnu.linkonce.s2.*)
 *(.rela.sbss2 .rela.sbss2.* .rela.gnu.linkonce.sb2.*)
 *(.rela.bss .rela.bss.* .rela.gnu.linkonce.b.*)
                [!provide]                        PROVIDE (__rela_iplt_start = .)
 *(.rela.iplt)
                [!provide]                        PROVIDE (__rela_iplt_end = .)

.rela.plt
 *(.rela.plt)

.init
 *(SORT_NONE(.init))

.plt
 *(.plt)

.iplt
 *(.iplt)

.text           0x0000000000010074      0xa4c
 *(.text.unlikely .text.*_unlikely .text.unlikely.*)
 *(.text.exit .text.exit.*)
 *(.text.startup .text.startup.*)
 .text.startup  0x0000000000010074       0x14 c:/riscv64_toolchain/bin/../lib/gcc/riscv64-unknown-elf/10.2.0/../../../../riscv64-unknown-elf/lib/rv32imc/ilp32\libc.a(lib_a-__call_atexit.o)
 *(.text.hot .text.hot.*)
 *(SORT_BY_NAME(.text.sorted.*))
 *(.text .stub .text.* .gnu.linkonce.t.*)
 .text          0x0000000000010088       0x3a c:/riscv64_toolchain/bin/../lib/gcc/riscv64-unknown-elf/10.2.0/../../../../riscv64-unknown-elf/lib/rv32imc/ilp32/crt0.o
                0x0000000000010088                _start
 .text          0x00000000000100c2       0x50 c:/riscv64_toolchain/bin/../lib/gcc/riscv64-unknown-elf/10.2.0/rv32imc/ilp32/crtbegin.o
 .text.dbg_printf
                0x0000000000010112      0x40c ./src/dbg_printf.o
                0x0000000000010112                dbg_printf
 .text.main     0x000000000001051e       0x1e ./src/main.o
                0x000000000001051e                main
 .text.sendUartByteWaitTransmitDone
                0x000000000001053c       0x3c ./src/my_uart.o
                0x000000000001053c                sendUartByteWaitTransmitDone
 .text.write8BitDataToAddress
                0x0000000000010578       0x24 ./src/my_utils.o
                0x0000000000010578                write8BitDataToAddress
 .text.read32BitDataFromAddress
                0x000000000001059c       0x18 ./src/my_utils.o
                0x000000000001059c                read32BitDataFromAddress
 .text.intToString
                0x00000000000105b4      0x100 ./src/my_utils.o
                0x00000000000105b4                intToString
 .text.intToHexString
                0x00000000000106b4       0xec ./src/my_utils.o
                0x00000000000106b4                intToHexString
 .text          0x00000000000107a0        0x6 c:/riscv64_toolchain/bin/../lib/gcc/riscv64-unknown-elf/10.2.0/../../../../riscv64-unknown-elf/lib/rv32imc/ilp32\libc.a(lib_a-errno.o)
                0x00000000000107a0                __errno
 .text          0x00000000000107a6       0x1a c:/riscv64_toolchain/bin/../lib/gcc/riscv64-unknown-elf/10.2.0/../../../../riscv64-unknown-elf/lib/rv32imc/ilp32\libc.a(lib_a-exit.o)
                0x00000000000107a6                exit
 .text          0x00000000000107c0       0x6a c:/riscv64_toolchain/bin/../lib/gcc/riscv64-unknown-elf/10.2.0/../../../../riscv64-unknown-elf/lib/rv32imc/ilp32\libc.a(lib_a-init.o)
                0x00000000000107c0                __libc_init_array
 .text          0x000000000001082a       0xa8 c:/riscv64_toolchain/bin/../lib/gcc/riscv64-unknown-elf/10.2.0/../../../../riscv64-unknown-elf/lib/rv32imc/ilp32\libc.a(lib_a-memset.o)
                0x000000000001082a                memset
 .text          0x00000000000108d2       0x62 c:/riscv64_toolchain/bin/../lib/gcc/riscv64-unknown-elf/10.2.0/../../../../riscv64-unknown-elf/lib/rv32imc/ilp32\libc.a(lib_a-strlen.o)
                0x00000000000108d2                strlen
 .text          0x0000000000010934       0xbe c:/riscv64_toolchain/bin/../lib/gcc/riscv64-unknown-elf/10.2.0/../../../../riscv64-unknown-elf/lib/rv32imc/ilp32\libc.a(lib_a-__call_atexit.o)
                0x0000000000010934                __call_exitprocs
 .text          0x00000000000109f2       0x38 c:/riscv64_toolchain/bin/../lib/gcc/riscv64-unknown-elf/10.2.0/../../../../riscv64-unknown-elf/lib/rv32imc/ilp32\libc.a(lib_a-fini.o)
                0x00000000000109f2                __libc_fini_array
 .text          0x0000000000010a2a        0xa c:/riscv64_toolchain/bin/../lib/gcc/riscv64-unknown-elf/10.2.0/../../../../riscv64-unknown-elf/lib/rv32imc/ilp32\libc.a(lib_a-atexit.o)
                0x0000000000010a2a                atexit
 .text          0x0000000000010a34       0x6c c:/riscv64_toolchain/bin/../lib/gcc/riscv64-unknown-elf/10.2.0/../../../../riscv64-unknown-elf/lib/rv32imc/ilp32\libc.a(lib_a-__atexit.o)
                0x0000000000010a34                __register_exitproc
 .text          0x0000000000010aa0       0x20 c:/riscv64_toolchain/bin/../lib/gcc/riscv64-unknown-elf/10.2.0/../../../../riscv64-unknown-elf/lib/rv32imc/ilp32\libgloss.a(sys_exit.o)
                0x0000000000010aa0                _exit
 *(.gnu.warning)

.fini
 *(SORT_NONE(.fini))
                [!provide]                        PROVIDE (__etext = .)
                [!provide]                        PROVIDE (_etext = .)
                [!provide]                        PROVIDE (etext = .)

.rodata         0x0000000000010ac0      0x783
 *(.rodata .rodata.* .gnu.linkonce.r.*)
 .rodata        0x0000000000010ac0      0x783 ./src/main.o

.rodata1
 *(.rodata1)

.sdata2
 *(.sdata2 .sdata2.* .gnu.linkonce.s2.*)

.sbss2
 *(.sbss2 .sbss2.* .gnu.linkonce.sb2.*)

.eh_frame_hdr
 *(.eh_frame_hdr)
 *(.eh_frame_entry .eh_frame_entry.*)

.eh_frame
 *(.eh_frame)
 *(.eh_frame.*)

.gcc_except_table
 *(.gcc_except_table .gcc_except_table.*)

.gnu_extab
 *(.gnu_extab*)

.exception_ranges
 *(.exception_ranges*)
                0x0000000000012243                . = DATA_SEGMENT_ALIGN (CONSTANT (MAXPAGESIZE), CONSTANT (COMMONPAGESIZE))

.eh_frame       0x0000000000012244        0x4
 *(.eh_frame)
 .eh_frame      0x0000000000012244        0x0 c:/riscv64_toolchain/bin/../lib/gcc/riscv64-unknown-elf/10.2.0/rv32imc/ilp32/crtbegin.o
 .eh_frame      0x0000000000012244        0x0 c:/riscv64_toolchain/bin/../lib/gcc/riscv64-unknown-elf/10.2.0/rv32imc/ilp32\libgcc.a(_udivdi3.o)
                                         0x28 (size before relaxing)
 .eh_frame      0x0000000000012244        0x0 c:/riscv64_toolchain/bin/../lib/gcc/riscv64-unknown-elf/10.2.0/rv32imc/ilp32\libgcc.a(_umoddi3.o)
                                         0x28 (size before relaxing)
 .eh_frame      0x0000000000012244        0x4 c:/riscv64_toolchain/bin/../lib/gcc/riscv64-unknown-elf/10.2.0/rv32imc/ilp32/crtend.o
 *(.eh_frame.*)

.gnu_extab
 *(.gnu_extab)

.gcc_except_table
 *(.gcc_except_table .gcc_except_table.*)

.exception_ranges
 *(.exception_ranges*)

.tdata          0x0000000000012248        0x0
                [!provide]                        PROVIDE (__tdata_start = .)
 *(.tdata .tdata.* .gnu.linkonce.td.*)

.tbss
 *(.tbss .tbss.* .gnu.linkonce.tb.*)
 *(.tcommon)

.preinit_array  0x0000000000012248        0x0
                0x0000000000012248                PROVIDE (__preinit_array_start = .)
 *(.preinit_array)
                0x0000000000012248                PROVIDE (__preinit_array_end = .)

.init_array     0x0000000000012248        0x8
                0x0000000000012248                PROVIDE (__init_array_start = .)
 *(SORT_BY_INIT_PRIORITY(.init_array.*) SORT_BY_INIT_PRIORITY(.ctors.*))
 .init_array.00000
                0x0000000000012248        0x4 c:/riscv64_toolchain/bin/../lib/gcc/riscv64-unknown-elf/10.2.0/../../../../riscv64-unknown-elf/lib/rv32imc/ilp32\libc.a(lib_a-__call_atexit.o)
 *(.init_array EXCLUDE_FILE(*crtend?.o *crtend.o *crtbegin?.o *crtbegin.o) .ctors)
 .init_array    0x000000000001224c        0x4 c:/riscv64_toolchain/bin/../lib/gcc/riscv64-unknown-elf/10.2.0/rv32imc/ilp32/crtbegin.o
                0x0000000000012250                PROVIDE (__init_array_end = .)

.fini_array     0x0000000000012250        0x4
                0x0000000000012250                PROVIDE (__fini_array_start = .)
 *(SORT_BY_INIT_PRIORITY(.fini_array.*) SORT_BY_INIT_PRIORITY(.dtors.*))
 *(.fini_array EXCLUDE_FILE(*crtend?.o *crtend.o *crtbegin?.o *crtbegin.o) .dtors)
 .fini_array    0x0000000000012250        0x4 c:/riscv64_toolchain/bin/../lib/gcc/riscv64-unknown-elf/10.2.0/rv32imc/ilp32/crtbegin.o
                0x0000000000012254                PROVIDE (__fini_array_end = .)

.ctors
 *crtbegin.o(.ctors)
 *crtbegin?.o(.ctors)
 *(EXCLUDE_FILE(*crtend?.o *crtend.o) .ctors)
 *(SORT_BY_NAME(.ctors.*))
 *(.ctors)

.dtors
 *crtbegin.o(.dtors)
 *crtbegin?.o(.dtors)
 *(EXCLUDE_FILE(*crtend?.o *crtend.o) .dtors)
 *(SORT_BY_NAME(.dtors.*))
 *(.dtors)

.jcr
 *(.jcr)

.data.rel.ro
 *(.data.rel.ro.local* .gnu.linkonce.d.rel.ro.local.*)
 *(.data.rel.ro .data.rel.ro.* .gnu.linkonce.d.rel.ro.*)

.dynamic
 *(.dynamic)
                0x0000000000012254                . = DATA_SEGMENT_RELRO_END (., 0x0)

.data           0x0000000000012258      0x430
                0x0000000000012260                . = ALIGN (0x10)
 *fill*         0x0000000000012258        0x8 
                0x0000000000012260                __DATA_BEGIN__ = .
 *(.data .data.* .gnu.linkonce.d.*)
 .data          0x0000000000012260      0x428 c:/riscv64_toolchain/bin/../lib/gcc/riscv64-unknown-elf/10.2.0/../../../../riscv64-unknown-elf/lib/rv32imc/ilp32\libc.a(lib_a-impure.o)

.data1
 *(.data1)

.got
 *(.got.plt)
 *(.igot.plt)
 *(.got)
 *(.igot)

.sdata          0x0000000000012688       0x14
                0x0000000000012690                . = ALIGN (0x10)
 *fill*         0x0000000000012688        0x8 
                0x0000000000012690                __SDATA_BEGIN__ = .
 *(.srodata.cst16)
 *(.srodata.cst8)
 *(.srodata.cst4)
 *(.srodata.cst2)
 *(.srodata .srodata.*)
 .srodata       0x0000000000012690        0x4 c:/riscv64_toolchain/bin/../lib/gcc/riscv64-unknown-elf/10.2.0/../../../../riscv64-unknown-elf/lib/rv32imc/ilp32\libc.a(lib_a-impure.o)
                0x0000000000012690                _global_impure_ptr
 *(.sdata .sdata.* .gnu.linkonce.s.*)
 .sdata.S_uiDebugLevel
                0x0000000000012694        0x4 ./src/dbg_printf.o
 .sdata         0x0000000000012698        0x4 c:/riscv64_toolchain/bin/../lib/gcc/riscv64-unknown-elf/10.2.0/../../../../riscv64-unknown-elf/lib/rv32imc/ilp32\libc.a(lib_a-impure.o)
                0x0000000000012698                _impure_ptr
                0x000000000001269c                _edata = .
                [!provide]                        PROVIDE (edata = .)
                0x000000000001269c                . = .
                0x000000000001269c                __bss_start = .

.sbss
 *(.dynsbss)
 *(.sbss .sbss.* .gnu.linkonce.sb.*)
 *(.scommon)

.bss            0x000000000001269c       0x1c
 *(.dynbss)
 *(.bss .bss.* .gnu.linkonce.b.*)
 .bss           0x000000000001269c       0x1c c:/riscv64_toolchain/bin/../lib/gcc/riscv64-unknown-elf/10.2.0/rv32imc/ilp32/crtbegin.o
 *(COMMON)
                0x00000000000126b8                . = ALIGN ((. != 0x0)?0x4:0x1)
                0x00000000000126b8                . = ALIGN (0x4)
                0x00000000000126b8                . = SEGMENT_START ("ldata-segment", .)
                0x00000000000126b8                . = ALIGN (0x4)
                0x00000000000126c0                . = ALIGN (0x10)
                0x00000000000126c0                __BSS_END__ = .
                0x0000000000012a60                __global_pointer$ = MIN ((__SDATA_BEGIN__ + 0x800), MAX ((__DATA_BEGIN__ + 0x800), (__BSS_END__ - 0x800)))
                0x00000000000126c0                _end = .
                [!provide]                        PROVIDE (end = .)
                0x00000000000126c0                . = DATA_SEGMENT_END (.)

.stab
 *(.stab)

.stabstr
 *(.stabstr)

.stab.excl
 *(.stab.excl)

.stab.exclstr
 *(.stab.exclstr)

.stab.index
 *(.stab.index)

.stab.indexstr
 *(.stab.indexstr)

.comment        0x0000000000000000       0x30
 *(.comment)
 .comment       0x0000000000000000       0x30 c:/riscv64_toolchain/bin/../lib/gcc/riscv64-unknown-elf/10.2.0/rv32imc/ilp32/crtbegin.o
                                         0x31 (size before relaxing)
 .comment       0x0000000000000030       0x31 ./src/dbg_printf.o
 .comment       0x0000000000000030       0x31 ./src/main.o
 .comment       0x0000000000000030       0x31 ./src/my_uart.o
 .comment       0x0000000000000030       0x31 ./src/my_utils.o
 .comment       0x0000000000000030       0x31 c:/riscv64_toolchain/bin/../lib/gcc/riscv64-unknown-elf/10.2.0/../../../../riscv64-unknown-elf/lib/rv32imc/ilp32\libc.a(lib_a-errno.o)
 .comment       0x0000000000000030       0x31 c:/riscv64_toolchain/bin/../lib/gcc/riscv64-unknown-elf/10.2.0/../../../../riscv64-unknown-elf/lib/rv32imc/ilp32\libc.a(lib_a-exit.o)
 .comment       0x0000000000000030       0x31 c:/riscv64_toolchain/bin/../lib/gcc/riscv64-unknown-elf/10.2.0/../../../../riscv64-unknown-elf/lib/rv32imc/ilp32\libc.a(lib_a-impure.o)
 .comment       0x0000000000000030       0x31 c:/riscv64_toolchain/bin/../lib/gcc/riscv64-unknown-elf/10.2.0/../../../../riscv64-unknown-elf/lib/rv32imc/ilp32\libc.a(lib_a-init.o)
 .comment       0x0000000000000030       0x31 c:/riscv64_toolchain/bin/../lib/gcc/riscv64-unknown-elf/10.2.0/../../../../riscv64-unknown-elf/lib/rv32imc/ilp32\libc.a(lib_a-strlen.o)
 .comment       0x0000000000000030       0x31 c:/riscv64_toolchain/bin/../lib/gcc/riscv64-unknown-elf/10.2.0/../../../../riscv64-unknown-elf/lib/rv32imc/ilp32\libc.a(lib_a-__call_atexit.o)
 .comment       0x0000000000000030       0x31 c:/riscv64_toolchain/bin/../lib/gcc/riscv64-unknown-elf/10.2.0/../../../../riscv64-unknown-elf/lib/rv32imc/ilp32\libc.a(lib_a-fini.o)
 .comment       0x0000000000000030       0x31 c:/riscv64_toolchain/bin/../lib/gcc/riscv64-unknown-elf/10.2.0/../../../../riscv64-unknown-elf/lib/rv32imc/ilp32\libc.a(lib_a-atexit.o)
 .comment       0x0000000000000030       0x31 c:/riscv64_toolchain/bin/../lib/gcc/riscv64-unknown-elf/10.2.0/../../../../riscv64-unknown-elf/lib/rv32imc/ilp32\libc.a(lib_a-__atexit.o)
 .comment       0x0000000000000030       0x31 c:/riscv64_toolchain/bin/../lib/gcc/riscv64-unknown-elf/10.2.0/../../../../riscv64-unknown-elf/lib/rv32imc/ilp32\libgloss.a(sys_exit.o)
 .comment       0x0000000000000030       0x31 c:/riscv64_toolchain/bin/../lib/gcc/riscv64-unknown-elf/10.2.0/rv32imc/ilp32\libgcc.a(_udivdi3.o)
 .comment       0x0000000000000030       0x31 c:/riscv64_toolchain/bin/../lib/gcc/riscv64-unknown-elf/10.2.0/rv32imc/ilp32\libgcc.a(_umoddi3.o)
 .comment       0x0000000000000030       0x31 c:/riscv64_toolchain/bin/../lib/gcc/riscv64-unknown-elf/10.2.0/rv32imc/ilp32/crtend.o

.riscv.attributes
                0x0000000000000000       0x2a
 .riscv.attributes
                0x0000000000000000       0x24 c:/riscv64_toolchain/bin/../lib/gcc/riscv64-unknown-elf/10.2.0/../../../../riscv64-unknown-elf/lib/rv32imc/ilp32/crt0.o
 .riscv.attributes
                0x0000000000000024       0x26 c:/riscv64_toolchain/bin/../lib/gcc/riscv64-unknown-elf/10.2.0/rv32imc/ilp32/crtbegin.o
 .riscv.attributes
                0x000000000000004a       0x26 ./src/dbg_printf.o
 .riscv.attributes
                0x0000000000000070       0x2a ./src/main.o
 .riscv.attributes
                0x000000000000009a       0x26 ./src/my_uart.o
 .riscv.attributes
                0x00000000000000c0       0x26 ./src/my_utils.o
 .riscv.attributes
                0x00000000000000e6       0x26 c:/riscv64_toolchain/bin/../lib/gcc/riscv64-unknown-elf/10.2.0/../../../../riscv64-unknown-elf/lib/rv32imc/ilp32\libc.a(lib_a-errno.o)
 .riscv.attributes
                0x000000000000010c       0x26 c:/riscv64_toolchain/bin/../lib/gcc/riscv64-unknown-elf/10.2.0/../../../../riscv64-unknown-elf/lib/rv32imc/ilp32\libc.a(lib_a-exit.o)
 .riscv.attributes
                0x0000000000000132       0x26 c:/riscv64_toolchain/bin/../lib/gcc/riscv64-unknown-elf/10.2.0/../../../../riscv64-unknown-elf/lib/rv32imc/ilp32\libc.a(lib_a-impure.o)
 .riscv.attributes
                0x0000000000000158       0x26 c:/riscv64_toolchain/bin/../lib/gcc/riscv64-unknown-elf/10.2.0/../../../../riscv64-unknown-elf/lib/rv32imc/ilp32\libc.a(lib_a-init.o)
 .riscv.attributes
                0x000000000000017e       0x24 c:/riscv64_toolchain/bin/../lib/gcc/riscv64-unknown-elf/10.2.0/../../../../riscv64-unknown-elf/lib/rv32imc/ilp32\libc.a(lib_a-memset.o)
 .riscv.attributes
                0x00000000000001a2       0x26 c:/riscv64_toolchain/bin/../lib/gcc/riscv64-unknown-elf/10.2.0/../../../../riscv64-unknown-elf/lib/rv32imc/ilp32\libc.a(lib_a-strlen.o)
 .riscv.attributes
                0x00000000000001c8       0x26 c:/riscv64_toolchain/bin/../lib/gcc/riscv64-unknown-elf/10.2.0/../../../../riscv64-unknown-elf/lib/rv32imc/ilp32\libc.a(lib_a-__call_atexit.o)
 .riscv.attributes
                0x00000000000001ee       0x26 c:/riscv64_toolchain/bin/../lib/gcc/riscv64-unknown-elf/10.2.0/../../../../riscv64-unknown-elf/lib/rv32imc/ilp32\libc.a(lib_a-fini.o)
 .riscv.attributes
                0x0000000000000214       0x26 c:/riscv64_toolchain/bin/../lib/gcc/riscv64-unknown-elf/10.2.0/../../../../riscv64-unknown-elf/lib/rv32imc/ilp32\libc.a(lib_a-atexit.o)
 .riscv.attributes
                0x000000000000023a       0x26 c:/riscv64_toolchain/bin/../lib/gcc/riscv64-unknown-elf/10.2.0/../../../../riscv64-unknown-elf/lib/rv32imc/ilp32\libc.a(lib_a-__atexit.o)
 .riscv.attributes
                0x0000000000000260       0x26 c:/riscv64_toolchain/bin/../lib/gcc/riscv64-unknown-elf/10.2.0/../../../../riscv64-unknown-elf/lib/rv32imc/ilp32\libgloss.a(sys_exit.o)
 .riscv.attributes
                0x0000000000000286       0x26 c:/riscv64_toolchain/bin/../lib/gcc/riscv64-unknown-elf/10.2.0/rv32imc/ilp32\libgcc.a(_udivdi3.o)
 .riscv.attributes
                0x00000000000002ac       0x26 c:/riscv64_toolchain/bin/../lib/gcc/riscv64-unknown-elf/10.2.0/rv32imc/ilp32\libgcc.a(_umoddi3.o)
 .riscv.attributes
                0x00000000000002d2       0x26 c:/riscv64_toolchain/bin/../lib/gcc/riscv64-unknown-elf/10.2.0/rv32imc/ilp32/crtend.o

.gnu.build.attributes
 *(.gnu.build.attributes .gnu.build.attributes.*)

.debug
 *(.debug)

.line
 *(.line)

.debug_srcinfo
 *(.debug_srcinfo)

.debug_sfnames
 *(.debug_sfnames)

.debug_aranges  0x0000000000000000      0x138
 *(.debug_aranges)
 .debug_aranges
                0x0000000000000000       0x38 ./src/dbg_printf.o
 .debug_aranges
                0x0000000000000038       0x58 ./src/main.o
 .debug_aranges
                0x0000000000000090       0x20 ./src/my_uart.o
 .debug_aranges
                0x00000000000000b0       0x48 ./src/my_utils.o
 .debug_aranges
                0x00000000000000f8       0x20 c:/riscv64_toolchain/bin/../lib/gcc/riscv64-unknown-elf/10.2.0/rv32imc/ilp32\libgcc.a(_udivdi3.o)
 .debug_aranges
                0x0000000000000118       0x20 c:/riscv64_toolchain/bin/../lib/gcc/riscv64-unknown-elf/10.2.0/rv32imc/ilp32\libgcc.a(_umoddi3.o)

.debug_pubnames
 *(.debug_pubnames)

.debug_info     0x0000000000000000     0x1e27
 *(.debug_info .gnu.linkonce.wi.*)
 .debug_info    0x0000000000000000      0x493 ./src/dbg_printf.o
 .debug_info    0x0000000000000493      0x68f ./src/main.o
 .debug_info    0x0000000000000b22       0xb8 ./src/my_uart.o
 .debug_info    0x0000000000000bda      0x273 ./src/my_utils.o
 .debug_info    0x0000000000000e4d      0x7c0 c:/riscv64_toolchain/bin/../lib/gcc/riscv64-unknown-elf/10.2.0/rv32imc/ilp32\libgcc.a(_udivdi3.o)
 .debug_info    0x000000000000160d      0x81a c:/riscv64_toolchain/bin/../lib/gcc/riscv64-unknown-elf/10.2.0/rv32imc/ilp32\libgcc.a(_umoddi3.o)

.debug_abbrev   0x0000000000000000      0x756
 *(.debug_abbrev)
 .debug_abbrev  0x0000000000000000      0x10a ./src/dbg_printf.o
 .debug_abbrev  0x000000000000010a      0x1ab ./src/main.o
 .debug_abbrev  0x00000000000002b5       0x76 ./src/my_uart.o
 .debug_abbrev  0x000000000000032b       0xd5 ./src/my_utils.o
 .debug_abbrev  0x0000000000000400      0x19d c:/riscv64_toolchain/bin/../lib/gcc/riscv64-unknown-elf/10.2.0/rv32imc/ilp32\libgcc.a(_udivdi3.o)
 .debug_abbrev  0x000000000000059d      0x1b9 c:/riscv64_toolchain/bin/../lib/gcc/riscv64-unknown-elf/10.2.0/rv32imc/ilp32\libgcc.a(_umoddi3.o)

.debug_line     0x0000000000000000     0x2f50
 *(.debug_line .debug_line.* .debug_line_end)
 .debug_line    0x0000000000000000      0x9fd ./src/dbg_printf.o
 .debug_line    0x00000000000009fd      0xef0 ./src/main.o
 .debug_line    0x00000000000018ed      0x1f2 ./src/my_uart.o
 .debug_line    0x0000000000001adf      0x519 ./src/my_utils.o
 .debug_line    0x0000000000001ff8      0x74d c:/riscv64_toolchain/bin/../lib/gcc/riscv64-unknown-elf/10.2.0/rv32imc/ilp32\libgcc.a(_udivdi3.o)
 .debug_line    0x0000000000002745      0x80b c:/riscv64_toolchain/bin/../lib/gcc/riscv64-unknown-elf/10.2.0/rv32imc/ilp32\libgcc.a(_umoddi3.o)

.debug_frame    0x0000000000000000      0x37c
 *(.debug_frame)
 .debug_frame   0x0000000000000000       0xd0 ./src/dbg_printf.o
 .debug_frame   0x00000000000000d0      0x18c ./src/main.o
 .debug_frame   0x000000000000025c       0x38 ./src/my_uart.o
 .debug_frame   0x0000000000000294       0xe8 ./src/my_utils.o

.debug_str      0x0000000000000000     0x8451
 *(.debug_str)
 .debug_str     0x0000000000000000     0x70fe ./src/dbg_printf.o
                                       0x736c (size before relaxing)
 .debug_str     0x00000000000070fe     0x1004 ./src/main.o
                                       0x817a (size before relaxing)
 .debug_str     0x0000000000008102       0x35 ./src/my_uart.o
                                       0x374c (size before relaxing)
 .debug_str     0x0000000000008137       0x81 ./src/my_utils.o
                                       0x6287 (size before relaxing)
 .debug_str     0x00000000000081b8      0x28f c:/riscv64_toolchain/bin/../lib/gcc/riscv64-unknown-elf/10.2.0/rv32imc/ilp32\libgcc.a(_udivdi3.o)
                                        0x34d (size before relaxing)
 .debug_str     0x0000000000008447        0xa c:/riscv64_toolchain/bin/../lib/gcc/riscv64-unknown-elf/10.2.0/rv32imc/ilp32\libgcc.a(_umoddi3.o)
                                        0x34d (size before relaxing)

.debug_loc      0x0000000000000000     0x1565
 *(.debug_loc)
 .debug_loc     0x0000000000000000      0xbdd c:/riscv64_toolchain/bin/../lib/gcc/riscv64-unknown-elf/10.2.0/rv32imc/ilp32\libgcc.a(_udivdi3.o)
 .debug_loc     0x0000000000000bdd      0x988 c:/riscv64_toolchain/bin/../lib/gcc/riscv64-unknown-elf/10.2.0/rv32imc/ilp32\libgcc.a(_umoddi3.o)

.debug_macinfo
 *(.debug_macinfo)

.debug_weaknames
 *(.debug_weaknames)

.debug_funcnames
 *(.debug_funcnames)

.debug_typenames
 *(.debug_typenames)

.debug_varnames
 *(.debug_varnames)

.debug_pubtypes
 *(.debug_pubtypes)

.debug_ranges   0x0000000000000000      0x2a0
 *(.debug_ranges)
 .debug_ranges  0x0000000000000000       0x40 ./src/dbg_printf.o
 .debug_ranges  0x0000000000000040       0x48 ./src/main.o
 .debug_ranges  0x0000000000000088       0x10 ./src/my_uart.o
 .debug_ranges  0x0000000000000098       0x38 ./src/my_utils.o
 .debug_ranges  0x00000000000000d0       0xf8 c:/riscv64_toolchain/bin/../lib/gcc/riscv64-unknown-elf/10.2.0/rv32imc/ilp32\libgcc.a(_udivdi3.o)
 .debug_ranges  0x00000000000001c8       0xd8 c:/riscv64_toolchain/bin/../lib/gcc/riscv64-unknown-elf/10.2.0/rv32imc/ilp32\libgcc.a(_umoddi3.o)

.debug_macro    0x0000000000000000      0x775
 *(.debug_macro)
 .debug_macro   0x0000000000000000      0x207 ./src/dbg_printf.o
 .debug_macro   0x0000000000000207       0x58 ./src/dbg_printf.o
 .debug_macro   0x000000000000025f       0x16 ./src/dbg_printf.o
 .debug_macro   0x0000000000000275      0x2f2 ./src/main.o
 .debug_macro   0x0000000000000567       0x1c ./src/main.o
 .debug_macro   0x0000000000000583       0x84 ./src/my_uart.o
 .debug_macro   0x0000000000000607      0x16e ./src/my_utils.o

.debug_addr
 *(.debug_addr)

.gnu.attributes
 *(.gnu.attributes)

/DISCARD/
 *(.note.GNU-stack)
 *(.gnu_debuglink)
 *(.gnu.lto_*)
OUTPUT(riscv_sphincs.elf elf32-littleriscv)
